---
source: tests/anthropic/fixtures.rs
expression: events
---
- Usage:
    input_tokens: 0
    output_tokens: 0
    total_tokens: 0
    reasoning_tokens: ~
    cached_input_tokens: ~
    provider_details:
      raw:
        input_tokens: 0
        output_tokens: 0
- ReasoningDelta: The
- ReasoningDelta: " user"
- ReasoningDelta: " is"
- ReasoningDelta: " asking"
- ReasoningDelta: " for"
- ReasoningDelta: " the"
- ReasoningDelta: " weather"
- ReasoningDelta: " in"
- ReasoningDelta: " Sh"
- ReasoningDelta: enzhen
- ReasoningDelta: "."
- ReasoningDelta: " I"
- ReasoningDelta: " have"
- ReasoningDelta: " a"
- ReasoningDelta: " get"
- ReasoningDelta: _weather
- ReasoningDelta: " function"
- ReasoningDelta: " available"
- ReasoningDelta: " that"
- ReasoningDelta: " takes"
- ReasoningDelta: " a"
- ReasoningDelta: " location"
- ReasoningDelta: " parameter"
- ReasoningDelta: "."
- ReasoningDelta: " The"
- ReasoningDelta: " user"
- ReasoningDelta: " has"
- ReasoningDelta: " provided"
- ReasoningDelta: " \""
- ReasoningDelta: Sh
- ReasoningDelta: enzhen
- ReasoningDelta: "\""
- ReasoningDelta: " as"
- ReasoningDelta: " the"
- ReasoningDelta: " location"
- ReasoningDelta: ","
- ReasoningDelta: " so"
- ReasoningDelta: " I"
- ReasoningDelta: " have"
- ReasoningDelta: " all"
- ReasoningDelta: " the"
- ReasoningDelta: " required"
- ReasoningDelta: " parameters"
- ReasoningDelta: " to"
- ReasoningDelta: " make"
- ReasoningDelta: " the"
- ReasoningDelta: " function"
- ReasoningDelta: " call"
- ReasoningDelta: "."
- TextDelta: I
- TextDelta: "'ll"
- TextDelta: " check"
- TextDelta: " the"
- TextDelta: " current"
- TextDelta: " weather"
- TextDelta: " in"
- TextDelta: " Sh"
- TextDelta: enzhen
- TextDelta: " for"
- TextDelta: " you"
- TextDelta: "."
- ToolCallDelta:
    call_id: call_fa9d7f8696424e11bcef1cbb
    name: ~
    arguments_delta: "{\"location\":\"Shenzhen\"}"
- ToolCall:
    id: call_fa9d7f8696424e11bcef1cbb
    name: get_weather
    arguments:
      location: Shenzhen
- Usage:
    input_tokens: 41
    output_tokens: 74
    total_tokens: ~
    reasoning_tokens: ~
    cached_input_tokens: 128
    provider_details:
      cache_creation_input_tokens: 0
      server_tool_use:
        web_fetch_requests: 0
        web_search_requests: 0
- Finish: ToolCalls
