---
source: tests/anthropic/fixtures.rs
expression: response
---
message:
  role: Assistant
  parts:
    - Text: "I'll check the current weather in Beijing for you."
    - ToolCall:
        id: call_514d27a1fbd64c19af781e6a
        name: get_weather
        arguments:
          location: Beijing
finish_reason: ToolCalls
usage:
  input_tokens: 40
  output_tokens: 23
  total_tokens: 63
  reasoning_tokens: ~
  cached_input_tokens: ~
  provider_details:
    raw:
      cache_read_input_tokens: 128
      input_tokens: 40
      output_tokens: 23
      server_tool_use:
        web_search_requests: 0
      service_tier: standard
provider_response_id: msg_20260325011507d653ac628e304357
provider_metadata:
  raw_usage:
    cache_read_input_tokens: 128
    input_tokens: 40
    output_tokens: 23
    server_tool_use:
      web_search_requests: 0
    service_tier: standard
